nikita@nikita-pc:~/temp1$ sudo fdisk /dev/sdb

Welcome to fdisk (util-linux 2.27.1).
Changes will remain in memory only, until you decide to write them.
Be careful before using the write command.

Command (m for help): p
Disk /dev/sdb: 1,9 GiB, 2051014656 bytes, 4005888 sectors
(...)
Device     Boot   Start     End Sectors   Size Id Type
/dev/sdb1          2048 4005887 4003840   1,9G 83 Linux

Command (m for help): n
To create more partitions, first replace a primary with an extended partition.

Command (m for help): d
Selected partition 1
Partition 1 has been deleted.

Command (m for help): n
(...)
Select (default p): e
Partition number (1-4, default 1): 4
First sector (2048-4005887, default 2048): 1000000
Last sector, +sectors or +size{K,M,G,T,P} (1000000-4005887, default 4005887): 4005887
Created a new partition 4 of type 'Extended' and of size 1,4 GiB.

Command (m for help): n
(...)
Select (default p): p
Partition number (1-3, default 1): 1
First sector (2048-4005887, default 2048): 2048
Last sector, +sectors or +size{K,M,G,T,P} (2048-999999, default 999999): 20000
Created a new partition 1 of type 'Linux' and of size 8,8 MiB.

Command (m for help): n
(...)
Select (default p): p
Partition number (2,3, default 2): 2
First sector (20001-4005887, default 20480): 20001   
Last sector, +sectors or +size{K,M,G,T,P} (20001-999999, default 999999): 50000  
Created a new partition 2 of type 'Linux' and of size 14,7 MiB.

Command (m for help): n
(...)
Select (default p): p
Selected partition 3
First sector (50001-4005887, default 51200): 50001
Last sector, +sectors or +size{K,M,G,T,P} (50001-999999, default 999999): 999999
Created a new partition 3 of type 'Linux' and of size 463,9 MiB.

Command (m for help): n
All primary partitions are in use.
Adding logical partition 5
First sector (1002048-4005887, default 1003520): 1002048
Last sector, +sectors or +size{K,M,G,T,P} (1002048-4005887, default 4005887): 2000000
Created a new partition 5 of type 'Linux' and of size 487,3 MiB.

Command (m for help): n
All primary partitions are in use.
Adding logical partition 6
First sector (2002049-4005887, default 2002944): 2002049
Last sector, +sectors or +size{K,M,G,T,P} (2002049-4005887, default 4005887): 3000000
Created a new partition 6 of type 'Linux' and of size 487,3 MiB.

Command (m for help): n
All primary partitions are in use.
Adding logical partition 7
First sector (3002049-4005887, default 3002368): 3002049
Last sector, +sectors or +size{K,M,G,T,P} (3002049-4005887, default 4005887): 3500000
Created a new partition 7 of type 'Linux' and of size 243,1 MiB.

Command (m for help): n
All primary partitions are in use.
Adding logical partition 8
First sector (3502049-4005887, default 3502080): 3502049
Last sector, +sectors or +size{K,M,G,T,P} (3502049-4005887, default 4005887): 4005887
Created a new partition 8 of type 'Linux' and of size 246 MiB.

Command (m for help): p
(...)
Device     Boot   Start     End Sectors   Size Id Type
/dev/sdb1          2048   20000   17953   8,8M 83 Linux
/dev/sdb2         20001   50000   30000  14,7M 83 Linux
/dev/sdb3         50001  999999  949999 463,9M 83 Linux
/dev/sdb4       1000000 4005887 3005888   1,4G  5 Extended
/dev/sdb5       1002048 2000000  997953 487,3M 83 Linux
/dev/sdb6       2002049 3000000  997952 487,3M 83 Linux
/dev/sdb7       3002049 3500000  497952 243,1M 83 Linux
/dev/sdb8       3502049 4005887  503839   246M 83 Linux

Command (m for help): w
The partition table has been altered.
Calling ioctl() to re-read partition table.
Syncing disks.

